// Jest Snapshot v1, https://goo.gl/fbAQLP

exports[`Column.vue matches snapshot: {"narrow":true} 1`] = `<!---->`;

exports[`Column.vue matches snapshot: {"narrowOnDevice":"mobile"} 1`] = `<!---->`;

exports[`Column.vue matches snapshot: {"narrowOnDevice":["mobile","desktop"]} 1`] = `<!---->`;

exports[`Column.vue matches snapshot: {"offset":"half"} 1`] = `<!---->`;

exports[`Column.vue matches snapshot: {"offset":2} 1`] = `<!---->`;

exports[`Column.vue matches snapshot: {"size":"half"} 1`] = `<!---->`;

exports[`Column.vue matches snapshot: {"size":3} 1`] = `<!---->`;

exports[`Column.vue matches snapshot: {} 1`] = `<!---->`;
