// Jest Snapshot v1, https://goo.gl/fbAQLP

exports[`Dropdown.vue matches snapshot 1`] = `
<div>
    <div class="dropdown-trigger"><button class="button"><span></span><span class="icon"><i class="fa fa-angle-down"></i></span></button></div>
    <div class="dropdown-menu">
        <div class="dropdown-content"></div>
    </div>
</div>
`;
